// Jest Snapshot v1, https://goo.gl/fbAQLP

exports[`[authorsThunk] should createAuthorThunk dispatches saveAuthor 1`] = `
Array [
  Object {
    "payload": Object {
      "id": "mockId5",
      "name": "author5",
    },
    "type": "authors/saveAuthor",
  },
]
`;

exports[`[authorsThunk] should getAuthorsThunk dispatches setAuthors 1`] = `
Array [
  Object {
    "payload": Array [
      Object {
        "id": "9b87e8b8-6ba5-40fc-a439-c4e30a373d36",
        "name": "author",
      },
      Object {
        "id": "1c972c52-3198-4098-b6f7-799b45903199",
        "name": "author2",
      },
      Object {
        "id": "072fe3fc-e751-4745-9af5-aa9eed0ea9ed",
        "name": "author3",
      },
    ],
    "type": "authors/setAuthors",
  },
]
`;
